// Jest Snapshot v1, https://goo.gl/fbAQLP

exports[`View specific user Test Suite Should handle change 1`] = `ReactWrapper {}`;
